// Jest Snapshot v1, https://goo.gl/fbAQLP

exports[`renders correctly 1`] = `
<View
  style={
    Object {
      "backgroundColor": "#F5FCFF",
      "flex": 1,
    }
  }
>
  <View
    style={
      Object {
        "alignItems": "center",
        "backgroundColor": "#F5FCFF",
        "flex": 1,
        "height": "100%",
        "justifyContent": "center",
        "width": "100%",
      }
    }
  >
    <Text
      style={
        Object {
          "margin": 4,
        }
      }
    >
      Loading...
    </Text>
    <ActivityIndicator
      animating={true}
      color="#999999"
      hidesWhenStopped={true}
      size="large"
    />
    <View
      accessible={true}
      isTVSelectable={true}
      onResponderGrant={[Function]}
      onResponderMove={[Function]}
      onResponderRelease={[Function]}
      onResponderTerminate={[Function]}
      onResponderTerminationRequest={[Function]}
      onStartShouldSetResponder={[Function]}
      style={
        Object {
          "alignItems": "center",
          "backgroundColor": "#2196F3",
          "borderRadius": 2,
          "elevation": 4,
          "height": 40,
          "justifyContent": "center",
          "margin": 4,
          "opacity": 1,
          "padding": 8,
          "width": 120,
        }
      }
    >
      <Text
        style={
          Array [
            Object {
              "color": "#fefefe",
              "fontWeight": "500",
              "textAlign": "center",
            },
            undefined,
          ]
        }
      >
        Cancel
      </Text>
    </View>
  </View>
</View>
`;
